// Jest Snapshot v1, https://goo.gl/fbAQLP

exports[`Main CRUD entity 1`] = `
{
  "stock": 11,
}
`;

exports[`Main CRUD entity 2`] = `{}`;

exports[`Main CRUD entity 3`] = `{}`;
